// Jest Snapshot v1, https://goo.gl/fbAQLP

exports[`testing the testing feature 1`] = `
<div
  className="App"
>
  <div
    className="login-container"
  >
    <div
      className="login-box"
    >
      <form
        className="login-form"
        onSubmit={[Function]}
      >
        <h1>
          Login
        </h1>
        <div
          className="input-group"
        >
          <label
            htmlFor="email"
          >
            Username
          </label>
          <input
            id="email"
            onChange={[Function]}
            placeholder="username@email.com"
            type="email"
            value=""
          />
        </div>
        <div
          className="input-group"
        >
          <label
            htmlFor="password"
          >
            Password
          </label>
          <input
            id="password"
            onChange={[Function]}
            placeholder="********"
            type="password"
            value=""
          />
        </div>
        <button
          className="login-button"
          type="submit"
        >
          Login
        </button>
        <p
          className="signup-link"
        >
          New user? 
          <a
            href="/signup"
            onClick={[Function]}
          >
            Sign up
          </a>
        </p>
      </form>
    </div>
  </div>
</div>
`;
