// Jest Snapshot v1, https://goo.gl/fbAQLP

exports[`Signup component testing the sign up feature 1`] = `
<div
  className="signup-container"
>
  <form
    className="signup-form"
    onSubmit={[Function]}
  >
    <h1>
      FitForge
    </h1>
    <h2
      className="signup-title"
    >
      Sign Up
    </h2>
    <p
      className="signup-tagline"
    >
      Fitness is a click away
    </p>
    <label
      htmlFor="firstName"
    >
      First Name
    </label>
    <input
      id="firstName"
      name="firstName"
      onChange={[Function]}
      required={true}
      type="text"
      value=""
    />
    <label
      htmlFor="lastName"
    >
      Last Name
    </label>
    <input
      id="lastName"
      name="lastName"
      onChange={[Function]}
      required={true}
      type="text"
      value=""
    />
    <label
      htmlFor="email"
    >
      Email
    </label>
    <input
      id="email"
      name="email"
      onChange={[Function]}
      required={true}
      type="email"
      value=""
    />
    <label
      htmlFor="password"
    >
      Password
    </label>
    <input
      id="password"
      name="password"
      onChange={[Function]}
      required={true}
      type="password"
      value=""
    />
    <label
      htmlFor="confirmPassword"
    >
      Confirm Password
    </label>
    <input
      id="confirmPassword"
      name="confirmPassword"
      onChange={[Function]}
      required={true}
      type="password"
      value=""
    />
    <button
      className="signup-button"
      type="submit"
    >
      Sign Up
    </button>
  </form>
</div>
`;
