// Jest Snapshot v1, https://goo.gl/fbAQLP

exports[`testing the testing feature 1`] = `
<div>
  Loading...
</div>
`;
